// Jest Snapshot v1, https://goo.gl/fbAQLP

exports[`RecipeListItem should match a snapshot 1`] = `
<DocumentFragment>
  <div
    class="MuiPaper-root MuiCard-root sc-bdnxRM exgsRF MuiPaper-elevation1 MuiPaper-rounded"
  >
    <div
      class="sc-gtsrHT sc-dlnjwi brqfbx hiIKPJ"
      data-testid="title"
    >
      <a
        href="/detail/1"
      >
        Nudeln
      </a>
    </div>
    <div
      class="sc-gtsrHT brqfbx"
    >
      <button
        aria-label="delete"
        class="MuiButtonBase-root MuiIconButton-root"
        data-testid="deleteButton"
        tabindex="0"
        type="button"
      >
        <span
          class="MuiIconButton-label"
        >
          <svg
            aria-hidden="true"
            class="MuiSvgIcon-root"
            focusable="false"
            viewBox="0 0 24 24"
          >
            <path
              d="M6 19c0 1.1.9 2 2 2h8c1.1 0 2-.9 2-2V7H6v12zM19 4h-3.5l-1-1h-5l-1 1H5v2h14V4z"
            />
          </svg>
        </span>
        <span
          class="MuiTouchRipple-root"
        />
      </button>
    </div>
  </div>
</DocumentFragment>
`;
